// Jest Snapshot v1, https://goo.gl/fbAQLP

exports[`Main It should render App 1`] = `
<div>
  <div
    class="sc-bdfBQB liTMNg"
  >
    <ul
      class="sc-gsTEea"
    >
      <div
        class="sc-jSgvzq eCGAvu"
      >
        <li
          class="sc-eCstlR ipXYxO"
        />
         Flag
      </div>
      <button
        class="sc-gKseQn isFLkr"
      >
        Start a new game!
      </button>
    </ul>
  </div>
</div>
`;
